======== 开始检索 安徽电信 ========
从 'ip/安徽电信_ip.txt' 读取 IP 并添加到检测列表
开始连通性检测（并发 50）...
连接成功 7 个,开始测速（并发 5）······
[测速] nas.191919.xyz:8888  ->  59.72 k
[测速] chengzhiming.myds.me:4000  ->  177.47 k
[测速] 183.162.104.35:8888  ->  56.86 k
[测速] 114.97.209.112:8888  ->  468.26 k
[测速] op.191919.xyz:8888  ->  62.23 k
[测速] www.191919.xyz:8888  ->  173.89 k
[测速] www.pizhiwei.cn:6688  ->  1.44 M
测速完成，共 7 条结果。
测速结果排序
----- 测速排行（前10）-----
www.pizhiwei.cn:6688   1.44 M
114.97.209.112:8888    468.26 k
chengzhiming.myds.me:4000 177.47 k
www.191919.xyz:8888    173.89 k
op.191919.xyz:8888     62.23 k
nas.191919.xyz:8888    59.72 k
183.162.104.35:8888    56.86 k
---------------------------
安徽电信 测试完成，生成可用文件：'txt/安徽电信.txt'
