======== 开始检索 内蒙古联通 ========
从 'ip/内蒙古联通_ip.txt' 读取 IP 并添加到检测列表
开始连通性检测（并发 50）...
连接成功 6 个,开始测速（并发 5）······
[测速] 116.114.142.46:8686  ->  1016.80 k
[测速] vpn.zhangzp.top:4022  ->  89.60 k
[测速] xtusrpa.com:8188  ->  904.45 k
[测速] 124.67.68.139:4022  ->  980.02 k
[测速] tv.zhangzp.top:4022  ->  80.06 k
[测速] a.zhangzp.top:4022  ->  87.77 k
测速完成，共 6 条结果。
测速结果排序
----- 测速排行（前10）-----
116.114.142.46:8686    1016.80 k
124.67.68.139:4022     980.02 k
xtusrpa.com:8188       904.45 k
vpn.zhangzp.top:4022   89.60 k
a.zhangzp.top:4022     87.77 k
tv.zhangzp.top:4022    80.06 k
---------------------------
内蒙古联通 测试完成，生成可用文件：'txt/内蒙古联通.txt'
